<?xml version="1.0" encoding="UTF-8"?>
<testsuites name="jest tests" tests="25" failures="0" errors="0" time="0.632">
  <testsuite name="my politicians integration" errors="0" failures="0" skipped="0" timestamp="2026-10-02T13:12:51" time="0.209" tests="5">
    <testcase classname="my politicians integration adds MP via search and updates section heading" name="my politicians integration adds MP via search and updates section heading" time="0.057">
    </testcase>
    <testcase classname="my politicians integration removes MP and restores placeholder" name="my politicians integration removes MP and restores placeholder" time="0.014">
    </testcase>
    <testcase classname="my politicians integration shows search error when fetch rejects" name="my politicians integration shows search error when fetch rejects" time="0.007">
    </testcase>
    <testcase classname="my politicians integration hydrates MP from backend on mount" name="my politicians integration hydrates MP from backend on mount" time="0.006">
    </testcase>
    <testcase classname="my politicians integration shows empty state when backend fetch fails on mount" name="my politicians integration shows empty state when backend fetch fails on mount" time="0.003">
    </testcase>
  </testsuite>
  <testsuite name="SEO politicians directory" errors="0" failures="0" skipped="0" timestamp="2026-10-02T13:12:51" time="0.09" tests="4">
    <testcase classname="SEO politicians directory renders politician names as crawlable links" name="SEO politicians directory renders politician names as crawlable links" time="0.021">
    </testcase>
    <testcase classname="SEO politicians directory includes ItemList JSON-LD script" name="SEO politicians directory includes ItemList JSON-LD script" time="0.003">
    </testcase>
    <testcase classname="SEO politicians directory keeps canonical H1 and shows results line on search" name="SEO politicians directory keeps canonical H1 and shows results line on search" time="0.006">
    </testcase>
    <testcase classname="SEO politicians directory does not show results line when no search query" name="SEO politicians directory does not show results line when no search query" time="0.003">
    </testcase>
  </testsuite>
  <testsuite name="onboarding gating integration" errors="0" failures="0" skipped="0" timestamp="2026-10-02T13:12:51" time="0.139" tests="4">
    <testcase classname="onboarding gating integration incomplete user on dashboard redirects to onboarding" name="onboarding gating integration incomplete user on dashboard redirects to onboarding" time="0.054">
    </testcase>
    <testcase classname="onboarding gating integration complete user on dashboard stays on dashboard" name="onboarding gating integration complete user on dashboard stays on dashboard" time="0.004">
    </testcase>
    <testcase classname="onboarding gating integration incomplete user on onboarding stays on onboarding" name="onboarding gating integration incomplete user on onboarding stays on onboarding" time="0.003">
    </testcase>
    <testcase classname="onboarding gating integration complete user on onboarding redirects to dashboard" name="onboarding gating integration complete user on onboarding redirects to dashboard" time="0.053">
    </testcase>
  </testsuite>
  <testsuite name="dashboard data + search integration" errors="0" failures="0" skipped="0" timestamp="2026-10-02T13:12:51" time="0.036" tests="6">
    <testcase classname="dashboard data + search integration usePoliticians + usePoliticianSearch can run in parallel hooks with separate fetch URLs" name="dashboard data + search integration usePoliticians + usePoliticianSearch can run in parallel hooks with separate fetch URLs" time="0.002">
    </testcase>
    <testcase classname="dashboard data + search integration usePoliticianSearch does not fetch when query is too short" name="dashboard data + search integration usePoliticianSearch does not fetch when query is too short" time="0">
    </testcase>
    <testcase classname="dashboard data + search integration usePoliticianSearch clears results when query drops below minimum length" name="dashboard data + search integration usePoliticianSearch clears results when query drops below minimum length" time="0.001">
    </testcase>
    <testcase classname="dashboard data + search integration usePoliticianSearch surfaces error when search fetch throws" name="dashboard data + search integration usePoliticianSearch surfaces error when search fetch throws" time="0.001">
    </testcase>
    <testcase classname="dashboard data + search integration usePoliticians states and parties lists are sorted" name="dashboard data + search integration usePoliticians states and parties lists are sorted" time="0">
    </testcase>
    <testcase classname="dashboard data + search integration usePoliticians filter combines query + state" name="dashboard data + search integration usePoliticians filter combines query + state" time="0.001">
    </testcase>
  </testsuite>
  <testsuite name="user politicians API integration" errors="0" failures="0" skipped="0" timestamp="2026-10-02T13:12:51" time="0.02" tests="5">
    <testcase classname="user politicians API integration add then get returns saved MP" name="user politicians API integration add then get returns saved MP" time="0.002">
    </testcase>
    <testcase classname="user politicians API integration upsert replaces MP and keeps MLA" name="user politicians API integration upsert replaces MP and keeps MLA" time="0">
    </testcase>
    <testcase classname="user politicians API integration remove clears politician from subsequent get" name="user politicians API integration remove clears politician from subsequent get" time="0">
    </testcase>
    <testcase classname="user politicians API integration get returns null when backend responds with 500" name="user politicians API integration get returns null when backend responds with 500" time="0">
    </testcase>
    <testcase classname="user politicians API integration add returns failure when backend responds with 500" name="user politicians API integration add returns failure when backend responds with 500" time="0.002">
    </testcase>
  </testsuite>
  <testsuite name="integration smoke" errors="0" failures="0" skipped="0" timestamp="2026-10-02T13:12:51" time="0.016" tests="1">
    <testcase classname="integration smoke runs in jsdom" name="integration smoke runs in jsdom" time="0">
    </testcase>
  </testsuite>
</testsuites>